---
source: using/src/schema.rs
expression: "{\n    let schema =\n        Schema::parse(r#\"\n            type User {\n                id: ID!\n            }\n        \"#)?;\n    (schema.errors, schema.using)\n}"
---
(
    [
        NoSchemas,
    ],
    [],
)
